// Jest Snapshot v1, https://goo.gl/fbAQLP

exports[`NumPickerIndex snapshots should render with default props 1`] = `
<section
  class="npi-perimeter-container"
>
  <numpickernumdisplay-stub
    number="2"
  />
   
  <div
    class="arrow-btn-container"
  >
    <arrowbtn-stub
      arrowdirection="up"
    />
     
    <arrowbtn-stub
      arrowdirection="down"
    />
  </div>
</section>
`;
