// Jest Snapshot v1, https://goo.gl/fbAQLP

exports[`NumPickerArrowBtn snapshots should render with default props 1`] = `
<button
  class="np-arrow-btn"
>
  
  ↑

</button>
`;

exports[`NumPickerArrowBtn snapshots should set arrowDirection when prop is passed 1`] = `
<button
  class="np-arrow-btn"
>
  
  ↓

</button>
`;
