// Jest Snapshot v1, https://goo.gl/fbAQLP

exports[`NumPickerIndex snapshots should render with default html 1`] = `
<div
  class="npi-perimeter-container"
>
  <numpickernumdisplay-stub
    number="2"
    pickertype="teams"
  />
   
  <div
    class="arrow-btn-container"
  >
    <arrowbtn-stub
      arrowdirection="up"
    />
     
    <arrowbtn-stub
      arrowdirection="down"
    />
  </div>
</div>
`;
